// Jest Snapshot v1, https://goo.gl/fbAQLP

exports[`NavMenu renders search input when SEARCH_ENABLED env var is true 1`] = `
{
  "asFragment": [Function],
  "baseElement": <body>
    <div>
      <nav
        data-testid="nav-menu"
      >
        <ul>
          <li
            class="undefined undefined"
          >
            <a
              href="/blog"
            >
              Blog
            </a>
          </li>
          <li
            class="undefined undefined"
          >
            <a
              href="/learning"
            >
              Learning
            </a>
          </li>
          <li
            class="undefined undefined"
          >
            <a
              href="/about"
            >
              About
            </a>
          </li>
          <li
            class="undefined undefined"
          >
            <div>
              <svg
                fill="currentColor"
                height="1.7rem"
                stroke="currentColor"
                stroke-width="0"
                viewBox="0 0 24 24"
                width="1.7rem"
                xmlns="http://www.w3.org/2000/svg"
              >
                <path
                  d="M0 0h24v24H0z"
                  fill="none"
                />
                <path
                  d="M15.5 14h-.79l-.28-.27A6.471 6.471 0 0016 9.5 6.5 6.5 0 109.5 16c1.61 0 3.09-.59 4.23-1.57l.27.28v.79l5 4.99L20.49 19l-4.99-5zm-6 0C7.01 14 5 11.99 5 9.5S7.01 5 9.5 5 14 7.01 14 9.5 11.99 14 9.5 14z"
                />
              </svg>
              <input
                aria-label="Search"
                data-testid="search-input"
                placeholder="Search, eg: Rails"
                type="text"
              />
            </div>
          </li>
        </ul>
      </nav>
    </div>
  </body>,
  "container": <div>
    <nav
      data-testid="nav-menu"
    >
      <ul>
        <li
          class="undefined undefined"
        >
          <a
            href="/blog"
          >
            Blog
          </a>
        </li>
        <li
          class="undefined undefined"
        >
          <a
            href="/learning"
          >
            Learning
          </a>
        </li>
        <li
          class="undefined undefined"
        >
          <a
            href="/about"
          >
            About
          </a>
        </li>
        <li
          class="undefined undefined"
        >
          <div>
            <svg
              fill="currentColor"
              height="1.7rem"
              stroke="currentColor"
              stroke-width="0"
              viewBox="0 0 24 24"
              width="1.7rem"
              xmlns="http://www.w3.org/2000/svg"
            >
              <path
                d="M0 0h24v24H0z"
                fill="none"
              />
              <path
                d="M15.5 14h-.79l-.28-.27A6.471 6.471 0 0016 9.5 6.5 6.5 0 109.5 16c1.61 0 3.09-.59 4.23-1.57l.27.28v.79l5 4.99L20.49 19l-4.99-5zm-6 0C7.01 14 5 11.99 5 9.5S7.01 5 9.5 5 14 7.01 14 9.5 11.99 14 9.5 14z"
              />
            </svg>
            <input
              aria-label="Search"
              data-testid="search-input"
              placeholder="Search, eg: Rails"
              type="text"
            />
          </div>
        </li>
      </ul>
    </nav>
  </div>,
  "debug": [Function],
  "findAllByAltText": [Function],
  "findAllByDisplayValue": [Function],
  "findAllByLabelText": [Function],
  "findAllByPlaceholderText": [Function],
  "findAllByRole": [Function],
  "findAllByTestId": [Function],
  "findAllByText": [Function],
  "findAllByTitle": [Function],
  "findByAltText": [Function],
  "findByDisplayValue": [Function],
  "findByLabelText": [Function],
  "findByPlaceholderText": [Function],
  "findByRole": [Function],
  "findByTestId": [Function],
  "findByText": [Function],
  "findByTitle": [Function],
  "getAllByAltText": [Function],
  "getAllByDisplayValue": [Function],
  "getAllByLabelText": [Function],
  "getAllByPlaceholderText": [Function],
  "getAllByRole": [Function],
  "getAllByTestId": [Function],
  "getAllByText": [Function],
  "getAllByTitle": [Function],
  "getByAltText": [Function],
  "getByDisplayValue": [Function],
  "getByLabelText": [Function],
  "getByPlaceholderText": [Function],
  "getByRole": [Function],
  "getByTestId": [Function],
  "getByText": [Function],
  "getByTitle": [Function],
  "queryAllByAltText": [Function],
  "queryAllByDisplayValue": [Function],
  "queryAllByLabelText": [Function],
  "queryAllByPlaceholderText": [Function],
  "queryAllByRole": [Function],
  "queryAllByTestId": [Function],
  "queryAllByText": [Function],
  "queryAllByTitle": [Function],
  "queryByAltText": [Function],
  "queryByDisplayValue": [Function],
  "queryByLabelText": [Function],
  "queryByPlaceholderText": [Function],
  "queryByRole": [Function],
  "queryByTestId": [Function],
  "queryByText": [Function],
  "queryByTitle": [Function],
  "rerender": [Function],
  "unmount": [Function],
}
`;
